{
    "resourceLogs": [
      {
        "resource": {
          "attributes": [
            {
              "key": "service.name",
              "value": {
                "stringValue": "logs-integration-test"
              }
            }
          ]
        },
        "scopeLogs": [
          {
            "scope": {
              "name": "opentelemetry-log-appender",
              "version": "0.3.0"
            },
            "logRecords": [
              {
                "observedTimeUnixNano": "1715670958332465664",
                "severityNumber": 9,
                "severityText": "INFO",
                "body": {
                  "stringValue": "hello from banana. My price is 2.99."
                },
                "traceId": "",
                "spanId": "",
                "timeUnixNano": "2323232232",
                "attributes": []
              }
            ]
          }
        ]
      }
    ]
  }